INFO:root:
Epoch 1/70
INFO:root:Epoch 1 done in 345.2s - Train Loss: 652715.4435 | Val Loss: 676685.3523 | Val MAPE: 98.56% | LR: 1.00e-04
INFO:root:  Saved best DenseNet model to C:\Users\evils\PycharmProjects\FlameRecognition\runs\run_2025-09-17_18-21-03\best_model_densenet_epoch1_20250917_182648.pth (Val MAPE: 98.56%)
INFO:root:
Epoch 2/70
INFO:root:Epoch 2 done in 349.6s - Train Loss: 626359.1171 | Val Loss: 632786.0625 | Val MAPE: 95.07% | LR: 1.00e-04
INFO:root:  Saved best DenseNet model to C:\Users\evils\PycharmProjects\FlameRecognition\runs\run_2025-09-17_18-21-03\best_model_densenet_epoch2_20250917_183238.pth (Val MAPE: 95.07%)
INFO:root:
Epoch 3/70
INFO:root:Epoch 3 done in 345.2s - Train Loss: 581519.5154 | Val Loss: 587060.4517 | Val MAPE: 91.02% | LR: 1.00e-04
INFO:root:  Saved best DenseNet model to C:\Users\evils\PycharmProjects\FlameRecognition\runs\run_2025-09-17_18-21-03\best_model_densenet_epoch3_20250917_183823.pth (Val MAPE: 91.02%)
INFO:root:
Epoch 4/70
INFO:root:Epoch 4 done in 348.6s - Train Loss: 521573.8291 | Val Loss: 503747.1676 | Val MAPE: 83.07% | LR: 1.00e-04
INFO:root:  Saved best DenseNet model to C:\Users\evils\PycharmProjects\FlameRecognition\runs\run_2025-09-17_18-21-03\best_model_densenet_epoch4_20250917_184412.pth (Val MAPE: 83.07%)
INFO:root:
Epoch 5/70
INFO:root:Epoch 5 done in 349.1s - Train Loss: 451861.3769 | Val Loss: 436294.5938 | Val MAPE: 77.12% | LR: 1.00e-04
INFO:root:  Saved best DenseNet model to C:\Users\evils\PycharmProjects\FlameRecognition\runs\run_2025-09-17_18-21-03\best_model_densenet_epoch5_20250917_185001.pth (Val MAPE: 77.12%)
INFO:root:
Epoch 6/70
INFO:root:Epoch 6 done in 346.5s - Train Loss: 378011.7604 | Val Loss: 388348.8892 | Val MAPE: 69.06% | LR: 1.00e-04
INFO:root:  Saved best DenseNet model to C:\Users\evils\PycharmProjects\FlameRecognition\runs\run_2025-09-17_18-21-03\best_model_densenet_epoch6_20250917_185548.pth (Val MAPE: 69.06%)
INFO:root:
Epoch 7/70
INFO:root:Epoch 7 done in 348.0s - Train Loss: 304197.5237 | Val Loss: 266179.5014 | Val MAPE: 52.19% | LR: 1.00e-04
INFO:root:  Saved best DenseNet model to C:\Users\evils\PycharmProjects\FlameRecognition\runs\run_2025-09-17_18-21-03\best_model_densenet_epoch7_20250917_190136.pth (Val MAPE: 52.19%)
INFO:root:
Epoch 8/70
INFO:root:Epoch 8 done in 349.0s - Train Loss: 235126.5839 | Val Loss: 208036.8480 | Val MAPE: 45.13% | LR: 1.00e-04
INFO:root:  Saved best DenseNet model to C:\Users\evils\PycharmProjects\FlameRecognition\runs\run_2025-09-17_18-21-03\best_model_densenet_epoch8_20250917_190725.pth (Val MAPE: 45.13%)
INFO:root:
Epoch 9/70
INFO:root:Epoch 9 done in 347.4s - Train Loss: 176037.0263 | Val Loss: 138213.8857 | Val MAPE: 39.58% | LR: 1.00e-04
INFO:root:  Saved best DenseNet model to C:\Users\evils\PycharmProjects\FlameRecognition\runs\run_2025-09-17_18-21-03\best_model_densenet_epoch9_20250917_191312.pth (Val MAPE: 39.58%)
INFO:root:
Epoch 10/70
INFO:root:Epoch 10 done in 348.7s - Train Loss: 131464.3413 | Val Loss: 109824.2607 | Val MAPE: 36.68% | LR: 1.00e-04
INFO:root:  Saved best DenseNet model to C:\Users\evils\PycharmProjects\FlameRecognition\runs\run_2025-09-17_18-21-03\best_model_densenet_epoch10_20250917_191901.pth (Val MAPE: 36.68%)
INFO:root:
Epoch 11/70
INFO:root:Epoch 11 done in 348.7s - Train Loss: 96658.0499 | Val Loss: 80522.2301 | Val MAPE: 34.13% | LR: 1.00e-04
INFO:root:  Saved best DenseNet model to C:\Users\evils\PycharmProjects\FlameRecognition\runs\run_2025-09-17_18-21-03\best_model_densenet_epoch11_20250917_192450.pth (Val MAPE: 34.13%)
INFO:root:
Epoch 12/70
INFO:root:Epoch 12 done in 348.6s - Train Loss: 72475.2586 | Val Loss: 55755.1568 | Val MAPE: 36.00% | LR: 1.00e-04
INFO:root:
Epoch 13/70
INFO:root:Epoch 13 done in 346.4s - Train Loss: 54857.4573 | Val Loss: 50799.9135 | Val MAPE: 35.31% | LR: 1.00e-04
INFO:root:
Epoch 14/70
INFO:root:Epoch 14 done in 347.9s - Train Loss: 47307.0190 | Val Loss: 43167.3345 | Val MAPE: 39.39% | LR: 1.00e-04
INFO:root:
Epoch 15/70
INFO:root:Epoch 15 done in 346.3s - Train Loss: 39812.9564 | Val Loss: 37432.3663 | Val MAPE: 33.88% | LR: 1.00e-04
INFO:root:  Saved best DenseNet model to C:\Users\evils\PycharmProjects\FlameRecognition\runs\run_2025-09-17_18-21-03\best_model_densenet_epoch15_20250917_194759.pth (Val MAPE: 33.88%)
INFO:root:
Epoch 16/70
INFO:root:Epoch 16 done in 346.5s - Train Loss: 33963.2990 | Val Loss: 32744.4929 | Val MAPE: 33.16% | LR: 1.00e-04
INFO:root:  Saved best DenseNet model to C:\Users\evils\PycharmProjects\FlameRecognition\runs\run_2025-09-17_18-21-03\best_model_densenet_epoch16_20250917_195346.pth (Val MAPE: 33.16%)
INFO:root:
Epoch 17/70
INFO:root:Epoch 17 done in 346.9s - Train Loss: 33252.9215 | Val Loss: 35350.9606 | Val MAPE: 30.89% | LR: 1.00e-04
INFO:root:  Saved best DenseNet model to C:\Users\evils\PycharmProjects\FlameRecognition\runs\run_2025-09-17_18-21-03\best_model_densenet_epoch17_20250917_195933.pth (Val MAPE: 30.89%)
INFO:root:
Epoch 18/70
INFO:root:Epoch 18 done in 349.2s - Train Loss: 31257.7370 | Val Loss: 35205.1969 | Val MAPE: 32.93% | LR: 1.00e-04
INFO:root:
Epoch 19/70
INFO:root:Epoch 19 done in 343.7s - Train Loss: 30661.9928 | Val Loss: 33224.7786 | Val MAPE: 30.05% | LR: 1.00e-04
INFO:root:  Saved best DenseNet model to C:\Users\evils\PycharmProjects\FlameRecognition\runs\run_2025-09-17_18-21-03\best_model_densenet_epoch19_20250917_201106.pth (Val MAPE: 30.05%)
INFO:root:
Epoch 20/70
INFO:root:Epoch 20 done in 344.9s - Train Loss: 28883.0213 | Val Loss: 32959.4913 | Val MAPE: 34.90% | LR: 1.00e-04
INFO:root:
Epoch 21/70
INFO:root:Epoch 21 done in 348.9s - Train Loss: 28252.2372 | Val Loss: 29853.7029 | Val MAPE: 30.91% | LR: 5.00e-05
INFO:root:
Epoch 22/70
INFO:root:Epoch 22 done in 346.9s - Train Loss: 28159.2266 | Val Loss: 30044.2960 | Val MAPE: 30.53% | LR: 5.00e-05
INFO:root:
Epoch 23/70
INFO:root:Epoch 23 done in 344.6s - Train Loss: 28625.7716 | Val Loss: 30078.7727 | Val MAPE: 30.25% | LR: 5.00e-05
INFO:root:
Epoch 24/70
INFO:root:Epoch 24 done in 347.3s - Train Loss: 27474.7793 | Val Loss: 30068.4949 | Val MAPE: 29.90% | LR: 5.00e-05
INFO:root:  Saved best DenseNet model to C:\Users\evils\PycharmProjects\FlameRecognition\runs\run_2025-09-17_18-21-03\best_model_densenet_epoch24_20250917_203958.pth (Val MAPE: 29.90%)
INFO:root:
Epoch 25/70
INFO:root:Epoch 25 done in 352.7s - Train Loss: 26945.1536 | Val Loss: 29587.5959 | Val MAPE: 31.42% | LR: 5.00e-05
INFO:root:
Epoch 26/70
INFO:root:Epoch 26 done in 346.0s - Train Loss: 27375.1509 | Val Loss: 30363.3445 | Val MAPE: 31.25% | LR: 5.00e-05
INFO:root:
Epoch 27/70
INFO:root:Epoch 27 done in 344.2s - Train Loss: 25706.6921 | Val Loss: 29841.7971 | Val MAPE: 30.00% | LR: 5.00e-05
INFO:root:
Epoch 28/70
INFO:root:Epoch 28 done in 346.3s - Train Loss: 26075.8362 | Val Loss: 29509.7012 | Val MAPE: 30.86% | LR: 5.00e-05
INFO:root:
Epoch 29/70
INFO:root:Epoch 29 done in 345.4s - Train Loss: 26693.8662 | Val Loss: 29428.4407 | Val MAPE: 30.82% | LR: 5.00e-05
INFO:root:
Epoch 30/70
INFO:root:Epoch 30 done in 344.6s - Train Loss: 25440.4696 | Val Loss: 29572.3072 | Val MAPE: 30.67% | LR: 5.00e-05
INFO:root:
Epoch 31/70
INFO:root:Epoch 31 done in 344.1s - Train Loss: 25434.8791 | Val Loss: 32003.8750 | Val MAPE: 28.90% | LR: 5.00e-05
INFO:root:  Saved best DenseNet model to C:\Users\evils\PycharmProjects\FlameRecognition\runs\run_2025-09-17_18-21-03\best_model_densenet_epoch31_20250917_212021.pth (Val MAPE: 28.90%)
INFO:root:
Epoch 32/70
INFO:root:Epoch 32 done in 345.3s - Train Loss: 25354.8911 | Val Loss: 29306.8359 | Val MAPE: 30.04% | LR: 5.00e-05
INFO:root:
Epoch 33/70
INFO:root:Epoch 33 done in 343.0s - Train Loss: 25091.7635 | Val Loss: 30517.1023 | Val MAPE: 29.82% | LR: 5.00e-05
INFO:root:
Epoch 34/70
INFO:root:Epoch 34 done in 344.4s - Train Loss: 24772.5709 | Val Loss: 29972.0797 | Val MAPE: 29.81% | LR: 5.00e-05
INFO:root:
Epoch 35/70
INFO:root:Epoch 35 done in 346.9s - Train Loss: 24869.8035 | Val Loss: 29329.2981 | Val MAPE: 30.20% | LR: 5.00e-05
INFO:root:
Epoch 36/70
INFO:root:Epoch 36 done in 344.6s - Train Loss: 24541.5299 | Val Loss: 29121.6035 | Val MAPE: 29.83% | LR: 5.00e-05
INFO:root:
Epoch 37/70
INFO:root:Epoch 37 done in 344.5s - Train Loss: 24345.4487 | Val Loss: 30057.6090 | Val MAPE: 28.97% | LR: 5.00e-05
INFO:root:
Epoch 38/70
INFO:root:Epoch 38 done in 345.4s - Train Loss: 24347.5780 | Val Loss: 28913.8833 | Val MAPE: 29.92% | LR: 5.00e-05
INFO:root:
Epoch 39/70
INFO:root:Epoch 39 done in 346.2s - Train Loss: 24081.7466 | Val Loss: 28764.5774 | Val MAPE: 30.53% | LR: 5.00e-05
INFO:root:
Epoch 40/70
INFO:root:Epoch 40 done in 344.9s - Train Loss: 24187.6484 | Val Loss: 28457.8310 | Val MAPE: 30.51% | LR: 5.00e-05
INFO:root:
Epoch 41/70
INFO:root:Epoch 41 done in 345.4s - Train Loss: 24150.6861 | Val Loss: 28221.2211 | Val MAPE: 29.52% | LR: 5.00e-05
INFO:root:
Epoch 42/70
INFO:root:Epoch 42 done in 346.1s - Train Loss: 24093.0907 | Val Loss: 28653.5277 | Val MAPE: 28.79% | LR: 5.00e-05
INFO:root:  Saved best DenseNet model to C:\Users\evils\PycharmProjects\FlameRecognition\runs\run_2025-09-17_18-21-03\best_model_densenet_epoch42_20250917_222338.pth (Val MAPE: 28.79%)
INFO:root:
Epoch 43/70
INFO:root:Epoch 43 done in 345.5s - Train Loss: 23756.9613 | Val Loss: 28659.7656 | Val MAPE: 28.98% | LR: 5.00e-05
INFO:root:
Epoch 44/70
INFO:root:Epoch 44 done in 347.1s - Train Loss: 23682.4619 | Val Loss: 27900.5625 | Val MAPE: 29.05% | LR: 5.00e-05
INFO:root:
Epoch 45/70
INFO:root:Epoch 45 done in 343.4s - Train Loss: 22993.4285 | Val Loss: 27495.1143 | Val MAPE: 29.31% | LR: 5.00e-05
INFO:root:
Epoch 46/70
INFO:root:Epoch 46 done in 345.3s - Train Loss: 22769.6124 | Val Loss: 26986.6188 | Val MAPE: 28.39% | LR: 5.00e-05
INFO:root:  Saved best DenseNet model to C:\Users\evils\PycharmProjects\FlameRecognition\runs\run_2025-09-17_18-21-03\best_model_densenet_epoch46_20250917_224640.pth (Val MAPE: 28.39%)
INFO:root:
Epoch 47/70
INFO:root:Epoch 47 done in 343.5s - Train Loss: 22492.8710 | Val Loss: 26710.8003 | Val MAPE: 27.80% | LR: 5.00e-05
INFO:root:  Saved best DenseNet model to C:\Users\evils\PycharmProjects\FlameRecognition\runs\run_2025-09-17_18-21-03\best_model_densenet_epoch47_20250917_225223.pth (Val MAPE: 27.80%)
INFO:root:
Epoch 48/70
INFO:root:Epoch 48 done in 345.0s - Train Loss: 21627.9569 | Val Loss: 25960.6933 | Val MAPE: 27.76% | LR: 5.00e-05
INFO:root:  Saved best DenseNet model to C:\Users\evils\PycharmProjects\FlameRecognition\runs\run_2025-09-17_18-21-03\best_model_densenet_epoch48_20250917_225808.pth (Val MAPE: 27.76%)
INFO:root:
Epoch 49/70
INFO:root:Epoch 49 done in 343.4s - Train Loss: 21418.6409 | Val Loss: 25059.5042 | Val MAPE: 27.85% | LR: 5.00e-05
INFO:root:
Epoch 50/70
INFO:root:Epoch 50 done in 344.8s - Train Loss: 20565.3199 | Val Loss: 24727.3295 | Val MAPE: 26.93% | LR: 5.00e-05
INFO:root:  Saved best DenseNet model to C:\Users\evils\PycharmProjects\FlameRecognition\runs\run_2025-09-17_18-21-03\best_model_densenet_epoch50_20250917_230937.pth (Val MAPE: 26.93%)
INFO:root:
Epoch 51/70
INFO:root:Epoch 51 done in 345.1s - Train Loss: 20433.8676 | Val Loss: 23253.9635 | Val MAPE: 27.38% | LR: 5.00e-05
INFO:root:
Epoch 52/70
INFO:root:Epoch 52 done in 345.3s - Train Loss: 20006.3996 | Val Loss: 22803.2943 | Val MAPE: 26.43% | LR: 5.00e-05
INFO:root:  Saved best DenseNet model to C:\Users\evils\PycharmProjects\FlameRecognition\runs\run_2025-09-17_18-21-03\best_model_densenet_epoch52_20250917_232107.pth (Val MAPE: 26.43%)
INFO:root:
Epoch 53/70
INFO:root:Epoch 53 done in 346.7s - Train Loss: 18865.9584 | Val Loss: 21576.6072 | Val MAPE: 25.75% | LR: 5.00e-05
INFO:root:  Saved best DenseNet model to C:\Users\evils\PycharmProjects\FlameRecognition\runs\run_2025-09-17_18-21-03\best_model_densenet_epoch53_20250917_232654.pth (Val MAPE: 25.75%)
INFO:root:
Epoch 54/70
INFO:root:Epoch 54 done in 345.1s - Train Loss: 17954.2224 | Val Loss: 20765.9241 | Val MAPE: 24.80% | LR: 5.00e-05
INFO:root:  Saved best DenseNet model to C:\Users\evils\PycharmProjects\FlameRecognition\runs\run_2025-09-17_18-21-03\best_model_densenet_epoch54_20250917_233239.pth (Val MAPE: 24.80%)
INFO:root:
Epoch 55/70
INFO:root:Epoch 55 done in 345.3s - Train Loss: 17141.9103 | Val Loss: 20243.7507 | Val MAPE: 24.53% | LR: 5.00e-05
INFO:root:  Saved best DenseNet model to C:\Users\evils\PycharmProjects\FlameRecognition\runs\run_2025-09-17_18-21-03\best_model_densenet_epoch55_20250917_233824.pth (Val MAPE: 24.53%)
INFO:root:
Epoch 56/70
INFO:root:Epoch 56 done in 344.1s - Train Loss: 16623.6881 | Val Loss: 18745.1889 | Val MAPE: 23.33% | LR: 5.00e-05
INFO:root:  Saved best DenseNet model to C:\Users\evils\PycharmProjects\FlameRecognition\runs\run_2025-09-17_18-21-03\best_model_densenet_epoch56_20250917_234409.pth (Val MAPE: 23.33%)
INFO:root:
Epoch 57/70
INFO:root:Epoch 57 done in 347.3s - Train Loss: 16023.4784 | Val Loss: 18011.3580 | Val MAPE: 23.66% | LR: 5.00e-05
INFO:root:
Epoch 58/70
INFO:root:Epoch 58 done in 345.0s - Train Loss: 14946.3550 | Val Loss: 16309.9223 | Val MAPE: 22.22% | LR: 5.00e-05
INFO:root:  Saved best DenseNet model to C:\Users\evils\PycharmProjects\FlameRecognition\runs\run_2025-09-17_18-21-03\best_model_densenet_epoch58_20250917_235541.pth (Val MAPE: 22.22%)
INFO:root:
Epoch 59/70
INFO:root:Epoch 59 done in 390.4s - Train Loss: 13673.5025 | Val Loss: 16165.2685 | Val MAPE: 21.59% | LR: 5.00e-05
INFO:root:  Saved best DenseNet model to C:\Users\evils\PycharmProjects\FlameRecognition\runs\run_2025-09-17_18-21-03\best_model_densenet_epoch59_20250918_000211.pth (Val MAPE: 21.59%)
INFO:root:
Epoch 60/70
INFO:root:Epoch 60 done in 348.5s - Train Loss: 13142.4086 | Val Loss: 14726.0052 | Val MAPE: 20.15% | LR: 5.00e-05
INFO:root:  Saved best DenseNet model to C:\Users\evils\PycharmProjects\FlameRecognition\runs\run_2025-09-17_18-21-03\best_model_densenet_epoch60_20250918_000800.pth (Val MAPE: 20.15%)
INFO:root:
Epoch 61/70
INFO:root:Epoch 61 done in 344.6s - Train Loss: 11787.2053 | Val Loss: 13729.3192 | Val MAPE: 19.04% | LR: 5.00e-05
INFO:root:  Saved best DenseNet model to C:\Users\evils\PycharmProjects\FlameRecognition\runs\run_2025-09-17_18-21-03\best_model_densenet_epoch61_20250918_001345.pth (Val MAPE: 19.04%)
INFO:root:
Epoch 62/70
INFO:root:Epoch 62 done in 344.5s - Train Loss: 11141.2607 | Val Loss: 12425.0988 | Val MAPE: 18.53% | LR: 5.00e-05
INFO:root:  Saved best DenseNet model to C:\Users\evils\PycharmProjects\FlameRecognition\runs\run_2025-09-17_18-21-03\best_model_densenet_epoch62_20250918_001929.pth (Val MAPE: 18.53%)
INFO:root:
Epoch 63/70
INFO:root:Epoch 63 done in 343.5s - Train Loss: 9947.4190 | Val Loss: 10766.5217 | Val MAPE: 17.66% | LR: 5.00e-05
INFO:root:  Saved best DenseNet model to C:\Users\evils\PycharmProjects\FlameRecognition\runs\run_2025-09-17_18-21-03\best_model_densenet_epoch63_20250918_002513.pth (Val MAPE: 17.66%)
INFO:root:
Epoch 64/70
INFO:root:Epoch 64 done in 344.0s - Train Loss: 9006.6708 | Val Loss: 10098.4954 | Val MAPE: 16.51% | LR: 5.00e-05
INFO:root:  Saved best DenseNet model to C:\Users\evils\PycharmProjects\FlameRecognition\runs\run_2025-09-17_18-21-03\best_model_densenet_epoch64_20250918_003057.pth (Val MAPE: 16.51%)
INFO:root:
Epoch 65/70
INFO:root:Epoch 65 done in 343.2s - Train Loss: 9136.6924 | Val Loss: 8837.7815 | Val MAPE: 16.14% | LR: 5.00e-05
INFO:root:  Saved best DenseNet model to C:\Users\evils\PycharmProjects\FlameRecognition\runs\run_2025-09-17_18-21-03\best_model_densenet_epoch65_20250918_003640.pth (Val MAPE: 16.14%)
INFO:root:
Epoch 66/70
INFO:root:Epoch 66 done in 344.4s - Train Loss: 7812.4042 | Val Loss: 8604.2964 | Val MAPE: 15.38% | LR: 5.00e-05
INFO:root:  Saved best DenseNet model to C:\Users\evils\PycharmProjects\FlameRecognition\runs\run_2025-09-17_18-21-03\best_model_densenet_epoch66_20250918_004225.pth (Val MAPE: 15.38%)
INFO:root:
Epoch 67/70
INFO:root:Epoch 67 done in 343.5s - Train Loss: 7302.8151 | Val Loss: 7266.9103 | Val MAPE: 14.19% | LR: 5.00e-05
INFO:root:  Saved best DenseNet model to C:\Users\evils\PycharmProjects\FlameRecognition\runs\run_2025-09-17_18-21-03\best_model_densenet_epoch67_20250918_004808.pth (Val MAPE: 14.19%)
INFO:root:
Epoch 68/70
INFO:root:Epoch 68 done in 341.7s - Train Loss: 6708.5233 | Val Loss: 6486.4902 | Val MAPE: 13.46% | LR: 5.00e-05
INFO:root:  Saved best DenseNet model to C:\Users\evils\PycharmProjects\FlameRecognition\runs\run_2025-09-17_18-21-03\best_model_densenet_epoch68_20250918_005350.pth (Val MAPE: 13.46%)
INFO:root:
Epoch 69/70
INFO:root:Epoch 69 done in 344.2s - Train Loss: 6099.1546 | Val Loss: 7491.2504 | Val MAPE: 13.10% | LR: 5.00e-05
INFO:root:  Saved best DenseNet model to C:\Users\evils\PycharmProjects\FlameRecognition\runs\run_2025-09-17_18-21-03\best_model_densenet_epoch69_20250918_005934.pth (Val MAPE: 13.10%)
INFO:root:
Epoch 70/70
INFO:root:Epoch 70 done in 344.4s - Train Loss: 6315.7470 | Val Loss: 7149.2847 | Val MAPE: 12.97% | LR: 5.00e-05
INFO:root:  Saved best DenseNet model to C:\Users\evils\PycharmProjects\FlameRecognition\runs\run_2025-09-17_18-21-03\best_model_densenet_epoch70_20250918_010519.pth (Val MAPE: 12.97%)
INFO:root:
Training complete.
